[   34456ms] Error: Minified React error #425; visit https://reactjs.org/docs/error-decoder.html?invariant=425 for the full message or use the non-minified dev environment for full errors and additional helpful warnings.
    at rm (https://customs.gov.md/_next/static/chunks/12zw1a-_s-qa0.js:5:136174)
    at https://customs.gov.md/_next/static/chunks/12zw1a-_s-qa0.js:5:196542
    at iz (https://customs.gov.md/_next/static/chunks/12zw1a-_s-qa0.js:5:202041)
    at iD (https://customs.gov.md/_next/static/chunks/12zw1a-_s-qa0.js:5:195006)
    at iI (https://customs.gov.md/_next/static/chunks/12zw1a-_s-qa0.js:5:194816)
    at iS (https://customs.gov.md/_next/static/chunks/12zw1a-_s-qa0.js:5:189889)
    at S (https://customs.gov.md/_next/static/chunks/12zw1a-_s-qa0.js:5:93544)
    at MessagePort.N (https://customs.gov.md/_next/static/chunks/12zw1a-_s-qa0.js:5:94065)
[   34456ms] Error: Minified React error #418; visit https://reactjs.org/docs/error-decoder.html?invariant=418 for the full message or use the non-minified dev environment for full errors and additional helpful warnings.
    at ag (https://customs.gov.md/_next/static/chunks/12zw1a-_s-qa0.js:5:142464)
    at u (https://customs.gov.md/_next/static/chunks/12zw1a-_s-qa0.js:5:216936)
    at iD (https://customs.gov.md/_next/static/chunks/12zw1a-_s-qa0.js:5:194946)
    at iI (https://customs.gov.md/_next/static/chunks/12zw1a-_s-qa0.js:5:194816)
    at iS (https://customs.gov.md/_next/static/chunks/12zw1a-_s-qa0.js:5:189889)
    at S (https://customs.gov.md/_next/static/chunks/12zw1a-_s-qa0.js:5:93544)
    at MessagePort.N (https://customs.gov.md/_next/static/chunks/12zw1a-_s-qa0.js:5:94065)
[   34457ms] Error: Minified React error #418; visit https://reactjs.org/docs/error-decoder.html?invariant=418 for the full message or use the non-minified dev environment for full errors and additional helpful warnings.
    at ag (https://customs.gov.md/_next/static/chunks/12zw1a-_s-qa0.js:5:142464)
    at u (https://customs.gov.md/_next/static/chunks/12zw1a-_s-qa0.js:5:216936)
    at iD (https://customs.gov.md/_next/static/chunks/12zw1a-_s-qa0.js:5:194946)
    at iI (https://customs.gov.md/_next/static/chunks/12zw1a-_s-qa0.js:5:194816)
    at iS (https://customs.gov.md/_next/static/chunks/12zw1a-_s-qa0.js:5:189889)
    at S (https://customs.gov.md/_next/static/chunks/12zw1a-_s-qa0.js:5:93544)
    at MessagePort.N (https://customs.gov.md/_next/static/chunks/12zw1a-_s-qa0.js:5:94065)
[   34457ms] Error: Minified React error #418; visit https://reactjs.org/docs/error-decoder.html?invariant=418 for the full message or use the non-minified dev environment for full errors and additional helpful warnings.
    at ag (https://customs.gov.md/_next/static/chunks/12zw1a-_s-qa0.js:5:142464)
    at u (https://customs.gov.md/_next/static/chunks/12zw1a-_s-qa0.js:5:216936)
    at iD (https://customs.gov.md/_next/static/chunks/12zw1a-_s-qa0.js:5:194946)
    at iI (https://customs.gov.md/_next/static/chunks/12zw1a-_s-qa0.js:5:194816)
    at iS (https://customs.gov.md/_next/static/chunks/12zw1a-_s-qa0.js:5:189889)
    at S (https://customs.gov.md/_next/static/chunks/12zw1a-_s-qa0.js:5:93544)
    at MessagePort.N (https://customs.gov.md/_next/static/chunks/12zw1a-_s-qa0.js:5:94065)
[   34457ms] Error: Minified React error #418; visit https://reactjs.org/docs/error-decoder.html?invariant=418 for the full message or use the non-minified dev environment for full errors and additional helpful warnings.
    at ag (https://customs.gov.md/_next/static/chunks/12zw1a-_s-qa0.js:5:142464)
    at u (https://customs.gov.md/_next/static/chunks/12zw1a-_s-qa0.js:5:216936)
    at iD (https://customs.gov.md/_next/static/chunks/12zw1a-_s-qa0.js:5:194946)
    at iI (https://customs.gov.md/_next/static/chunks/12zw1a-_s-qa0.js:5:194816)
    at iS (https://customs.gov.md/_next/static/chunks/12zw1a-_s-qa0.js:5:189889)
    at S (https://customs.gov.md/_next/static/chunks/12zw1a-_s-qa0.js:5:93544)
    at MessagePort.N (https://customs.gov.md/_next/static/chunks/12zw1a-_s-qa0.js:5:94065)
[   34457ms] Error: Minified React error #418; visit https://reactjs.org/docs/error-decoder.html?invariant=418 for the full message or use the non-minified dev environment for full errors and additional helpful warnings.
    at ag (https://customs.gov.md/_next/static/chunks/12zw1a-_s-qa0.js:5:142464)
    at u (https://customs.gov.md/_next/static/chunks/12zw1a-_s-qa0.js:5:216936)
    at iD (https://customs.gov.md/_next/static/chunks/12zw1a-_s-qa0.js:5:194946)
    at iI (https://customs.gov.md/_next/static/chunks/12zw1a-_s-qa0.js:5:194816)
    at iS (https://customs.gov.md/_next/static/chunks/12zw1a-_s-qa0.js:5:189889)
    at S (https://customs.gov.md/_next/static/chunks/12zw1a-_s-qa0.js:5:93544)
    at MessagePort.N (https://customs.gov.md/_next/static/chunks/12zw1a-_s-qa0.js:5:94065)
[   34457ms] Error: Minified React error #423; visit https://reactjs.org/docs/error-decoder.html?invariant=423 for the full message or use the non-minified dev environment for full errors and additional helpful warnings.
    at u (https://customs.gov.md/_next/static/chunks/12zw1a-_s-qa0.js:5:216595)
    at iD (https://customs.gov.md/_next/static/chunks/12zw1a-_s-qa0.js:5:194946)
    at iI (https://customs.gov.md/_next/static/chunks/12zw1a-_s-qa0.js:5:194816)
    at iR (https://customs.gov.md/_next/static/chunks/12zw1a-_s-qa0.js:5:191587)
    at iS (https://customs.gov.md/_next/static/chunks/12zw1a-_s-qa0.js:5:190142)
    at S (https://customs.gov.md/_next/static/chunks/12zw1a-_s-qa0.js:5:93544)
    at MessagePort.N (https://customs.gov.md/_next/static/chunks/12zw1a-_s-qa0.js:5:94065)
